Laideronnette
Wulgaru
Mindflayer
Thousand-cast Theda
Zona Seeker
Brontes
Lampalagua
Nunyunuwi
Minhocao
Croque-Mitaine
Croakadile
The Garlok
Bonnacon
Nandi
Chernobog
Safat
Agrippa the Mighty
Kaiser Behemoth
Senmurv
Gandarewa
The Pale Rider
Bird of Paradise
Leucrotta
Udumbara
Bone Crawler
Salt and Light
Okina
Gamma
Orghana
Tyger
Forgiven Pedantry
Tarchia
Aglaope
Ixtab
Gunitt
Burfurlur the Canny
Sphatika
Armstrong
Ruminator
Ophioneus
Narrow-rift
Forneus
Melt
Ghede Ti Malice
Girtab
Alectryon
Sabotender Bailarina
Maahes
Zanig'oh
Dalvag's Final Flame
Vogaal Ja
Unktehi
Hellsclaw
Nahn
Marberry
Cornu
Marraco
Kurrea
Mirka
Lyuba
Pylraster
Lord of the Wyverns
Bune
Agathos
Slipkinx Steeljoints
Stolas
Enkelados
Sisiutl
Campacti
Stench Blossom
Orcus
Erle
Vochstein
Aqrabuamelu
Mahisha
Luminare
Funa Yurei
Oni Yumemi
Gajasura
Angada
Girimekhala
Sum
Nuckelavee
Nariphon
Li'l Murderer
Huracan
Maliktender
Sugaar
The Mudman
O Poorest Pauldia
Supay
Grassman
Rusalka
Baal
Hulder
Storsie
Yilan
Sugriva
Minerva
Aegeiros
Mousse Princess
Lunatender Queen
Petalodus
Gurangatch
Arch-Eta
Fan Ail
La Velue
Itzpapalotl
Domovoi
Vulpangue
Coquecigrue
Indomitable
Worm of the Well
Juggler Hecatom
Mindmaker
Pachamama
Deacon
Gilshs Aath Swiftclaw
Shadow-dweller Yamini
Ouzelum
Deidar
Gyorai Quickstrike
Guhuo Niao
Gauki Strongblade
Gwas-y-neidr
Buccaboo
Aswang
Kurma
Kiwa
Manes
Alteci
Kreutzet
Gnath Cometdrone
Thextera
Scitalis
The Scarecrow
Squonk
Sanu Vali of Dancing Wings
Pterygotus
False Gigantopithecus
Lycidas
Omni
Skogs Fru
Barbastelle
Dark Helmet
Bloody Mary
Myradrosh
Vuokho
Ovjang
Sewer Syrup
Gatling
Albin the Ashen
Flame Sergeant Dalvag
White Joker
Monarch Ogrefly
Stinging Sophie
Phecda
Naul
Leech King
Ü-u-ü-u
Green Archon
Iravati
Vajrakumara
Emperor's Rose
Warmonger
Genesis Rock
Daphnia Magna
Shockmaw
Yumcax
Oskh Rhei
Level Cheater